// Jest Snapshot v1, https://goo.gl/fbAQLP

exports[`BookCard renders book with image, title, author 1`] = `
<div>
  <article
    class="Book"
  >
    <img
      alt="Book cover"
      src="https://covers.openlibrary.org/b/id/undefined.jpg"
    />
    <div
      class="Book-details"
    >
      <h3>
        Test Title
      </h3>
      <h4>
        by 
        Test Author
      </h4>
    </div>
  </article>
</div>
`;
