// Jest Snapshot v1, https://goo.gl/fbAQLP

exports[`Hero renders hero with image and quote 1`] = `
<div>
  <section
    aria-label="hero"
    class="hero"
  >
    <div
      class="hero-img"
      role="img"
    />
    <div>
      <q
        aria-label="quote"
      >
        A room without books is like a body without a soul.
      </q>
      <p>
        Cicero
      </p>
    </div>
  </section>
</div>
`;
